[leapfly.framer.website/index.html]
[backblue.gif]
[fade.gif]
[index.html]
[framerusercontent.com/sites/icons/default-favicon-light.v1.png]
[framerusercontent.com/sites/icons/default-favicon-dark.v1.png]
[framerusercontent.com/sites/icons/default-touch-icon.v3.png]
[framerusercontent.com/images/Lx5mo5q0pr3UPw2wFHmkXCRX64cd01.png]
[framerusercontent.com/images/CG7AaDxUOTRlqg7fQUoERZcztRk95a5.jpg]
[framerusercontent.com/images/sgxDyWIZskFk1usFzwL3vyMyugI95a5.jpg]
[framerusercontent.com/images/B2YXzceoaHIfcBY5T6ijfy1RiI95a5.jpg]
[framerusercontent.com/images/zsh1RXHwzbPd4h8bHBfckUa2Uu408fa.png]
[framerusercontent.com/images/VK6vnn7A4SubNNAefyKV81YGimA08fa.png]
[framerusercontent.com/images/EaFoSUZlsZrSiLHaoMXNbYBNsEa400.png]
[framerusercontent.com/images/GapaiV2VfBcBdxd0nmwH4cswyXY40a7.png]
[framerusercontent.com/images/EwzbC11uAVEJv2ZXjW6HYoT6HDw40a7.png]
[framerusercontent.com/images/cl1OkA202WJEf6mZG2z0m3P50DI08fa.png]
[framerusercontent.com/images/xz2653ffECmCrqymbeGmEJWr0Nsa400.png]
[framerusercontent.com/images/jGQyflEWXV2GjpmLD04SaM60tFka400.png]
[framerusercontent.com/images/FQYU2VWgcXJCDBaiuZWKOvwPosQa400.png]
[framerusercontent.com/images/7UVdtLFL2f0FIh4Yr7AVUiIbka400.png]
[framerusercontent.com/images/XZt2B8SvHtsjeRihgIG0PmbKsa400.png]
[framerusercontent.com/images/RwW211MXLVsdFXEFKqdhVS5Oi8a400.png]
[framerusercontent.com/images/laI3TD82M3nNsQk0yFyCZMB7ZMU40a7.png]
[framerusercontent.com/images/dMQKdsyrcB1ory3sXKtWmXpyMo40a7.png]
[framerusercontent.com/images/hg09L6JYKr0mrcckQlFMrhQLAg40a7.png]
[framerusercontent.com/images/E6WiwZf2jfPeP6CGmbCFQpkI8i440a7.png]
[framerusercontent.com/images/JHdKAcPav4rpsyHGrwHqiPXkiJo40a7.png]
[framerusercontent.com/images/mwce0pVayWmcjfBjibCir8RQn840a7.png]
[framerusercontent.com/images/TePPDNFpPav7lwvfvCG5hP45bw40a7.png]
[framerusercontent.com/images/BeEA4seD41wLn1B5pnrqFyAKI8w40a7.png]
[framerusercontent.com/images/vTFpT0GDGrXJb2zg4jIHslNqqEe34b.png]
[framerusercontent.com/images/d1dObHvmAf3jMMhkGDViGX3SKWU08fa.png]
[framerusercontent.com/images/UxpfOziyP4ReYmBOekXo0VLirM8a400.png]
[leapfly.framer.website/index.html]
