[greenlly.framer.website/index.html]
[backblue.gif]
[fade.gif]
[index.html]
[framerusercontent.com/images/EATpWLzJqRtiFtckEs89GR5g.png]
[greenlly.framer.website/about.html]
[greenlly.framer.website/service.html]
[greenlly.framer.website/contact-us.html]
[framerusercontent.com/images/RykEOmDygykvl73NTiDUgPL2B8c430.png]
[framerusercontent.com/images/X3WzvzPQbwxnN6yFf37NWmLwY8fbc.png]
[framerusercontent.com/images/9C8LdinQbsFihgbYjeigXcuUuA9c15.png]
[greenlly.framer.website/service/shrub-trimming.html]
[framerusercontent.com/images/UQZ7lJtXhzD71REO0pDw6udHMb181.png]
[greenlly.framer.website/service/garden-maintenance.html]
[framerusercontent.com/images/SOAPBsN6nRJtA1s4YrsHNxI42236.png]
[greenlly.framer.website/service/landscaping-design.html]
[framerusercontent.com/images/7yTh0Yy1qDG99oDCyLOfAwEUcnc2236.png]
[framerusercontent.com/images/eFct4maQ59FVCtrNpvco7tzSoU5a31.png]
[framerusercontent.com/images/fRlBp2rgkdUxaqEsVKVfHm9EjV0ee3b.png]
[framerusercontent.com/images/iT4hsPMr0H4lXPwO1yEATT2W4K0b07d.png]
[framerusercontent.com/images/tocwLtO1YySV9jJpG2DJoiiUXkb07d.png]
[framerusercontent.com/images/wMU2iRxtpQDkOfxuUucFEcXInuIb07d.png]
[framerusercontent.com/images/LR9eFFvB8Exif0uQkjm2iAZXkE8735.png]
[framerusercontent.com/images/VTVFniDdNChchvRpsYBcbd3IUs4df5.png]
[framerusercontent.com/images/xpLaCjPYY2cmDZQd0NiNvNCSZU4df5.png]
[greenlly.framer.website/gallery.html]
[framerusercontent.com/images/tlZulTWExJKl7GRYsnTXJ5KLgCg4953.png]
[framerusercontent.com/images/1t7DHH6IGVevMdoTMfQRGx9VXE8254.png]
[framerusercontent.com/images/849j7Rd8jdlYC6rJYfbKtgUg4Q8254.png]
[framerusercontent.com/images/3rTDxbT3MHRctiHf40fwmpPKk4953.png]
[framerusercontent.com/images/oo2Rb7eftOscV19pzAnhdmNgPs4953.png]
[framerusercontent.com/images/MhxKO09R7eZl7oCjSZGBohHC2Y8254.png]
[greenlly.framer.website/blog/transform-your-outdoors-with-expert-advice.html]
[framerusercontent.com/images/WTSddEYing8Lj067c3fRouTEcd452.png]
[greenlly.framer.website/blog/revamp-your-garden-with-seasonal-tips.html]
[framerusercontent.com/images/mBQvrrhVBjPcVpiAYBWwvHf7W9Id452.png]
[greenlly.framer.website/blog/maximize-your-space-vertical-gardening-solutions.html]
[framerusercontent.com/images/kJmE0a3ScZXPuduSZlvVjoPrdod452.png]
[framerusercontent.com/images/KVmvLtp1MarLR2TML11cTilRLU8a8c.png]
[framerusercontent.com/images/J8E2LdpN3pGmtT3FDmNG5kO5cc818c4.png]
[greenlly.framer.website/blog.html]
[greenlly.framer.website/service/lawn-aeration.html]
[greenlly.framer.website/service/seasonal-cleanup.html]
[framerusercontent.com/images/UQZ7lJtXhzD71REO0pDw6udHMca13.png]
[framerusercontent.com/images/SOAPBsN6nRJtA1s4YrsHNxI4c770.png]
[framerusercontent.com/images/7yTh0Yy1qDG99oDCyLOfAwEUcncfa35.png]
[framerusercontent.com/images/WTSddEYing8Lj067c3fRouTEc1e39.png]
[framerusercontent.com/images/mBQvrrhVBjPcVpiAYBWwvHf7W9Ib681.png]
[framerusercontent.com/images/kJmE0a3ScZXPuduSZlvVjoPrdof559.png]
[greenlly.framer.website/index.html]
[framerusercontent.com/images/Vq1hydmPoIp4KVRC9gdkRD4wac24.png]
[framerusercontent.com/images/CC6OpgMJKu7afztLyxV8MgzD04fc31.png]
[framerusercontent.com/images/fm2QRv6jCvC92eWVN8df0og6sk870d.png]
[framerusercontent.com/images/RxCdDARZao0ZOIFWZ43Lkio2r87c35.png]
[framerusercontent.com/images/JrQkYFlJqHIlWrw8nvxjDdu3lA5986.png]
[framerusercontent.com/images/PRX5OY1qaqW2oh7cUbS8QJES2m88532.jpg]
[framerusercontent.com/images/WZSqW6laEmeUIESPjUyOOP88532.jpg]
[greenlly.framer.website/about.html]
[framerusercontent.com/images/p603QXGXkCjKZoMIR7r1V4Z66R07816.png]
[framerusercontent.com/images/DAWv0r0XJLygJYVFgJ1a47JqLk6dde.png]
[framerusercontent.com/images/6tIfobv8WCQ0lq3eJmopjU4Iv47816.png]
[greenlly.framer.website/service/mulching.html]
[framerusercontent.com/images/AmkgslHTlr7Ok0322DY7BEIKw82236.png]
[greenlly.framer.website/service/irrigation-installation.html]
[framerusercontent.com/images/esT5BeKnPJ65Wz5zNE9e7lQFt82236.png]
[greenlly.framer.website/service/soil-testing.html]
[framerusercontent.com/images/Wu8cUfdOJM8Kj1Ar1Nrf7mOirc2236.png]
[framerusercontent.com/images/AmkgslHTlr7Ok0322DY7BEIKw8396d.png]
[framerusercontent.com/images/esT5BeKnPJ65Wz5zNE9e7lQFt8eecf.png]
[framerusercontent.com/images/Wu8cUfdOJM8Kj1Ar1Nrf7mOirc9042.png]
[greenlly.framer.website/service.html]
[greenlly.framer.website/contact-us.html]
[framerusercontent.com/images/sON75yHSyfADLaPYFrrX9JAWcA.png]
[framerusercontent.com/images/sON75yHSyfADLaPYFrrX9JAWcA7357.png]
[greenlly.framer.website/service/shrub-trimming.html]
[framerusercontent.com/images/ViXmTB1nT2P2h03owWL2ciH4WY.jpg]
[framerusercontent.com/images/ViXmTB1nT2P2h03owWL2ciH4WY1414.jpg]
[greenlly.framer.website/service/garden-maintenance.html]
[framerusercontent.com/images/44hCpQQIr8VZtHFe0lxVQXyiO0.jpg]
[framerusercontent.com/images/44hCpQQIr8VZtHFe0lxVQXyiO021da.jpg]
[greenlly.framer.website/service/landscaping-design.html]
[framerusercontent.com/images/M4isEDXmrPtBTTDmUbpMY7VM6IYd819.png]
[framerusercontent.com/images/jQFHgiPiWkSebAl0sa8CFzk3hIY8254.png]
[framerusercontent.com/images/6qhK7vXDmvGgbHZ63eVYboMFHE304d.png]
[framerusercontent.com/images/PVhBJ68GLsu6bkeqPWZnxfjEcsY2d03.png]
[framerusercontent.com/images/9T8qZoRqclPL06zri2NzsPB4w542d03.png]
[framerusercontent.com/images/n9QpL600hkDwOR9dzBWFovdN9g304d.png]
[framerusercontent.com/images/h2ijqi7of9fjtjkPuSzJV7tmAVA304d.png]
[framerusercontent.com/images/TWz9t3PprRiW6QfMUoFkkScl5k2d03.png]
[greenlly.framer.website/gallery.html]
[framerusercontent.com/images/rQRX1qC3LCCYqbIgjkGEs6dfMI.jpg]
[greenlly.framer.website/blog/seasonal-planting-guide-for-a-thriving-garden.html]
[framerusercontent.com/images/8E0Apas7yIJPkS5xiKf0BsL4d452.png]
[greenlly.framer.website/blog/sustainable-grdening-tips-for-eco-friendly-spaces.html]
[framerusercontent.com/images/ZOngj37cQZ3p2nKH7B7dm4rspkd452.png]
[greenlly.framer.website/blog/maximize-small-outdor-areas-with-creative-solutions.html]
[framerusercontent.com/images/93f9cc3IvIBkmuOioqWE3MoLR84d452.png]
[framerusercontent.com/images/rQRX1qC3LCCYqbIgjkGEs6dfMI498a.jpg]
[framerusercontent.com/images/8E0Apas7yIJPkS5xiKf0BsL4f3ea.png]
[framerusercontent.com/images/ZOngj37cQZ3p2nKH7B7dm4rspk61da.png]
[framerusercontent.com/images/93f9cc3IvIBkmuOioqWE3MoLR84ee37.png]
[greenlly.framer.website/blog/transform-your-outdoors-with-expert-advice.html]
[framerusercontent.com/images/WlbpFY7CYdB5vYLn3eS8BE0sHo.jpg]
[framerusercontent.com/images/WlbpFY7CYdB5vYLn3eS8BE0sHo4238.jpg]
[greenlly.framer.website/blog/revamp-your-garden-with-seasonal-tips.html]
[framerusercontent.com/images/tBKRSNoJVOhmkb8slLMIkRlVj3c.jpg]
[framerusercontent.com/images/tBKRSNoJVOhmkb8slLMIkRlVj3ce6e9.jpg]
[greenlly.framer.website/blog/maximize-your-space-vertical-gardening-solutions.html]
[greenlly.framer.website/blog/stay-inspired-and-keep-outdoor-spaces-thriving.html]
[framerusercontent.com/images/rw4bjg9suLtBkuuwoDZ83fTI78617d.jpg]
[greenlly.framer.website/blog/sustainable-gardening-tips-for-eco-friendly-spaces.html]
[framerusercontent.com/images/nsGRHiOnkbVzHRe3EK4zukThzeId452.png]
[greenlly.framer.website/blog/maximize-small-outdoor-areas-with-creative-solutions.html]
[framerusercontent.com/images/HOf8q6zofbW45DFF566IIGuuphgd452.png]
[framerusercontent.com/images/rw4bjg9suLtBkuuwoDZ83fTI78975e.jpg]
[framerusercontent.com/images/nsGRHiOnkbVzHRe3EK4zukThzeI2bd1.png]
[framerusercontent.com/images/HOf8q6zofbW45DFF566IIGuuphg472c.png]
[greenlly.framer.website/blog.html]
[framerusercontent.com/images/xR9yrPgUUefTOOo03wii7qWJdi42236.png]
[framerusercontent.com/images/xR9yrPgUUefTOOo03wii7qWJdi487e9.png]
[greenlly.framer.website/service/lawn-aeration.html]
[framerusercontent.com/images/BP9fvEIiXH7i0lLQWOqGSErZg9c2236.png]
[framerusercontent.com/images/7yHE8ZVls3zmMFuteKMeGFFAjqQ.jpg]
[framerusercontent.com/images/BP9fvEIiXH7i0lLQWOqGSErZg9c278c.png]
[framerusercontent.com/images/7yHE8ZVls3zmMFuteKMeGFFAjqQc19d.jpg]
[greenlly.framer.website/service/seasonal-cleanup.html]
[framerusercontent.com/images/oeq2FvWlIbeXam6wfn79VFKx294.png]
[framerusercontent.com/images/oeq2FvWlIbeXam6wfn79VFKx294e210.png]
[greenlly.framer.website/service/mulching.html]
[framerusercontent.com/images/TPR5tzdKjhrWkSBmZV3k1Vf0.png]
[framerusercontent.com/images/TPR5tzdKjhrWkSBmZV3k1Vf0db2f.png]
[greenlly.framer.website/service/irrigation-installation.html]
[framerusercontent.com/images/RyPgbFg0Z5UGddE9wfUtBu6jZ8k.jpg]
[framerusercontent.com/images/RyPgbFg0Z5UGddE9wfUtBu6jZ8k49e2.jpg]
[greenlly.framer.website/service/soil-testing.html]
[framerusercontent.com/images/nWJE5bXmbUlb4LFcoMY3VV3KlI.jpg]
[framerusercontent.com/images/nWJE5bXmbUlb4LFcoMY3VV3KlI8938.jpg]
[greenlly.framer.website/blog/seasonal-planting-guide-for-a-thriving-garden.html]
[framerusercontent.com/images/ePtZLst8eZtN5sFL6j80GDv3IeI.jpg]
[greenlly.framer.website/blog/seasonal-planting-guide-for-a-thriving-garde.html]
[framerusercontent.com/images/J8Iz8UYycqhMf8vnDktowrvSKnAd452.png]
[framerusercontent.com/images/ePtZLst8eZtN5sFL6j80GDv3IeI5dbb.jpg]
[framerusercontent.com/images/J8Iz8UYycqhMf8vnDktowrvSKnA9d19.png]
[greenlly.framer.website/blog/sustainable-grdening-tips-for-eco-friendly-spaces.html]
[framerusercontent.com/images/PZfLz171byG015MlNr6iboYYYA.jpg]
[framerusercontent.com/images/PZfLz171byG015MlNr6iboYYYA5187.jpg]
[greenlly.framer.website/blog/maximize-small-outdor-areas-with-creative-solutions.html]
[framerusercontent.com/images/y7MQznTDgflfVXLrQ8ShlZw7CQ.png]
[framerusercontent.com/images/y7MQznTDgflfVXLrQ8ShlZw7CQb356.png]
[greenlly.framer.website/blog/stay-inspired-and-keep-outdoor-spaces-thriving.html]
[framerusercontent.com/images/4rVHfaLfviuUfbIOXKLt5NuNQs.jpg]
[framerusercontent.com/images/4rVHfaLfviuUfbIOXKLt5NuNQs7ee8.jpg]
[greenlly.framer.website/blog/sustainable-gardening-tips-for-eco-friendly-spaces.html]
[framerusercontent.com/images/Ts7fX9HQbPaf76tZcEItj2hZS0.jpg]
[framerusercontent.com/images/Ts7fX9HQbPaf76tZcEItj2hZS07915.jpg]
[greenlly.framer.website/blog/maximize-small-outdoor-areas-with-creative-solutions.html]
[framerusercontent.com/images/ojGsTWrTmoNXemCfFaPOUZohOtc.jpg]
[framerusercontent.com/images/ojGsTWrTmoNXemCfFaPOUZohOtc7b07.jpg]
[greenlly.framer.website/blog/seasonal-planting-guide-for-a-thriving-garde.html]
