[harmone.framer.ai/index.html]
[backblue.gif]
[fade.gif]
[index.html]
[framerusercontent.com/images/3YzIbCAbCOOE4LA7MPKx98FaQA.png]
[framerusercontent.com/images/qhyzVAubhAUYTnJsdG1DWHlXY.png]
[harmone.framer.ai/about.html]
[harmone.framer.ai/contact.html]
[harmone.framer.ai/services.html]
[framerusercontent.com/images/evPzpyb4SBKWV4lLgrv1hDSt4ka587.png]
[framerusercontent.com/images/ehsATp65Vbu8RpInvTuQxjq820cf.png]
[framerusercontent.com/images/dU5Ry72Hw0Tfw6uVsqXOGtzGdVc20cf.png]
[framerusercontent.com/images/G40H0bmLFETcNa70efp5uBqU20cf.png]
[framerusercontent.com/images/FIjOK9TveAccH7BsKNycY0Te5usc4af.png]
[framerusercontent.com/images/YEEzotC7dPxXBHtE5i6xujD0GQ20cf.png]
[framerusercontent.com/images/gkENYZk3WmbSpOBar2w2fmNHNcb896.png]
[harmone.framer.ai/services/lawn-care-services.html]
[harmone.framer.ai/services/garden-design-solutions.html]
[harmone.framer.ai/services/topiary-tree-shaping.html]
[harmone.framer.ai/services/landscape-maintenance.html]
[framerusercontent.com/images/HjFE0k09aumATbaplUA1vVO2ZYa09e.png]
[framerusercontent.com/images/3yzXropwbfT5HWMl9PCUldjTx0822d.png]
[framerusercontent.com/images/tfZ57gTKoyUYhYJGGuFrAnhOo83b2.png]
[harmone.framer.ai/projects/the-peaceful-backyard-garden-transformation.html]
[framerusercontent.com/images/hbbCUm2d5Vjs3J58YGoCscNHGf0ffb3.png]
[harmone.framer.ai/projects/elegant-topiary-for-timeless-landscapes.html]
[framerusercontent.com/images/DaESr6wYDxsifUf6z721LznHQeEffb3.png]
[harmone.framer.ai/projects/creating-inviting-outdoor-living-spaces.html]
[framerusercontent.com/images/LRaag5i2gBTSGKrdYZ48WjZnwDYffb3.png]
[framerusercontent.com/images/3d21XnfoPR8jrMIKINIdEXte09f6d.png]
[framerusercontent.com/images/qw9m0Dx5iJwgFoHfQyqIqGi8jmE94c6.png]
[framerusercontent.com/images/iCQP0TseuPTaEDjbwMLWcDq7lo9b27.png]
[framerusercontent.com/images/8BJXl69b1DAudWHnrwXTxLbm8A4e1c.png]
[framerusercontent.com/images/ZwxVUt0iTKXzULCHEm8pnDawY06d2.png]
[harmone.framer.ai/blogs.html]
[harmone.framer.ai/blogs/how-to-create-a-beautiful-and-healthy-garden-that-thrives-throughout-every-season.html]
[framerusercontent.com/images/yFcEMmc13oSo16CWAEh84Hjrc3b51.png]
[harmone.framer.ai/blogs/how-to-care-for-your-garden-and-keep-plants-growing-strong-through-every-season.html]
[framerusercontent.com/images/x1niT8n66Y8ukY9Zifa6QClEeA3b51.png]
[harmone.framer.ai/blogs/simple-gardening-tips-for-growing-healthy-plants-and-creating-beautiful-outdoor-spaces-all-year.html]
[framerusercontent.com/images/Jrujqp3swE4O6AgfG9vR2D7fg3b51.png]
[framerusercontent.com/images/eV8qujmBooDc26rEtIpX1m2G5M7278.png]
[framerusercontent.com/images/cEzebRWPX0YtfvMYFXdKbKptCIs7278.png]
[harmone.framer.ai/projects.html]
[harmone.framer.ai/shops.html]
[harmone.framer.ai/shops/bird-of-paradise.html]
[harmone.framer.ai/teams.html]
[harmone.framer.ai/404.2b.delayed]
[framerusercontent.com/images/hbbCUm2d5Vjs3J58YGoCscNHGf0d174.png]
[framerusercontent.com/images/DaESr6wYDxsifUf6z721LznHQeEff30.png]
[framerusercontent.com/images/LRaag5i2gBTSGKrdYZ48WjZnwDY5b18.png]
[framerusercontent.com/images/yFcEMmc13oSo16CWAEh84Hjrc666c.png]
[framerusercontent.com/images/x1niT8n66Y8ukY9Zifa6QClEeA0a82.png]
[framerusercontent.com/images/Jrujqp3swE4O6AgfG9vR2D7fgc711.png]
[harmone.framer.ai/index.html]
[framerusercontent.com/images/Q9pOlvhjyt7pl0QaY3CGHhP7g6636.png]
[framerusercontent.com/images/wpbsOhrM61kLwoUUMryh0ThmMh07995.png]
[framerusercontent.com/images/aV5lvl3cgprTGJ3Z6r2YH2Rj0EQ7835.png]
[framerusercontent.com/images/lS8fSGre6IIYCWjeIBff95bmA6a6e.png]
[framerusercontent.com/images/Kh3OntkbMrblFHELEfarYpmAASsb01f.png]
[framerusercontent.com/images/uSCd3VV3VTgbCYDbL9KPzpXZTo0b01f.png]
[harmone.framer.ai/about.html]
[framerusercontent.com/images/3IHB2f3sgbsERqEdusYnMU3FK8o2cb5.png]
[harmone.framer.ai/contact.html]
[framerusercontent.com/images/FzqQksFSqhZxA7qQHjMuSu24fd8a.png]
[framerusercontent.com/images/1dBU9I9VkG2d837XrbpgbJMd4U4e1c.png]
[harmone.framer.ai/services/patio-pathway-design.html]
[harmone.framer.ai/services.html]
[harmone.framer.ai/services/tree-shrub-care.html]
[framerusercontent.com/images/ViSINFm7Fa685VEHsUe5KDaAk18e9.png]
[framerusercontent.com/images/7RyAkOyHSCntgtSbk0QnjuOSsosbb20.png]
[framerusercontent.com/images/KrgwODQuVf8UvOeRxaXsvhtXlbg61c1.png]
[framerusercontent.com/images/7RyAkOyHSCntgtSbk0QnjuOSsos181b.png]
[framerusercontent.com/images/KrgwODQuVf8UvOeRxaXsvhtXlbgdbe4.png]
[harmone.framer.ai/services/lawn-care-services.html]
[harmone.framer.ai/services/garden-design-solutions.html]
[harmone.framer.ai/services/topiary-tree-shaping.html]
[harmone.framer.ai/services/landscape-maintenance.html]
[framerusercontent.com/images/2GG7iXQbTiH9EJJjWhKYD57o5c3e.png]
[framerusercontent.com/images/kah8B3dDQ5Vowbe1nFgXhVA5Pw5c3e.png]
[harmone.framer.ai/projects/a-fresh-green-lawn-transformation.html]
[framerusercontent.com/images/fgS9Zm36S0hQXMKVzWNshNJFn4ffb3.png]
[harmone.framer.ai/projects/a-natural-garden-space-design.html]
[framerusercontent.com/images/A7bYP7cur2fSkCSNjrwfSwprxMwffb3.png]
[framerusercontent.com/images/fgS9Zm36S0hQXMKVzWNshNJFn4fbdf.png]
[framerusercontent.com/images/A7bYP7cur2fSkCSNjrwfSwprxMw3ad0.png]
[harmone.framer.ai/projects/the-peaceful-backyard-garden-transformation.html]
[harmone.framer.ai/projects/elegant-topiary-for-timeless-landscapes.html]
[harmone.framer.ai/projects/creating-inviting-outdoor-living-spaces.html]
[framerusercontent.com/images/LM0vRNvdYtrVYp26InVBjG2Om38c9a7.png]
[harmone.framer.ai/blogs/essential-garden-maintenance-tips-for-keeping-your-outdoor-space-fresh-green-and-healthy.html]
[framerusercontent.com/images/POlpQUGMrGr1PxBqlnM8DPOCcCQ3b51.png]
[harmone.framer.ai/blogs/best-practices-for-maintaining-a-beautiful-garden-with-healthy-plants-throughout-every-season.html]
[framerusercontent.com/images/44dq0ajiDoHZkSuzegR5KGkd46g3b51.png]
[harmone.framer.ai/blogs/how-to-create-a-low-maintenance-garden-that-looks-beautiful-and-stays-healthy-year-round.html]
[framerusercontent.com/images/TNPcls9dCtDTJglwTPx0YH983b51.png]
[framerusercontent.com/images/POlpQUGMrGr1PxBqlnM8DPOCcCQ380e.png]
[framerusercontent.com/images/44dq0ajiDoHZkSuzegR5KGkd46ged22.png]
[framerusercontent.com/images/TNPcls9dCtDTJglwTPx0YH985f14.png]
[harmone.framer.ai/blogs.html]
[framerusercontent.com/images/rBzCXq2OPRoBvPkyXAb1Btonbg20cf.png]
[framerusercontent.com/images/N3EH2aYxztDfWWLXB6YULO3bzpEd51e.png]
[framerusercontent.com/images/eW46cLJR4pk9p8HZgiCoj2s2cd51e.png]
[framerusercontent.com/images/2dMqJdnNLwNlNap3cLOh0tpaSxo20cf.png]
[harmone.framer.ai/blogs/simple-ways-to-make-your-garden-more-beautiful-with-thoughtful-planting-and-regular-care.html]
[framerusercontent.com/images/uzhPeHlkqnZvClKxe1O84naL43b51.png]
[framerusercontent.com/images/N3EH2aYxztDfWWLXB6YULO3bzpE8851.png]
[framerusercontent.com/images/eW46cLJR4pk9p8HZgiCoj2s2c89a8.png]
[framerusercontent.com/images/uzhPeHlkqnZvClKxe1O84naL471b1.png]
[harmone.framer.ai/blogs/how-to-create-a-beautiful-and-healthy-garden-that-thrives-throughout-every-season.html]
[framerusercontent.com/images/SKFHLfNdFiKitPPXF3K0vK2LTdU20cf.png]
[harmone.framer.ai/blogs/how-to-care-for-your-garden-and-keep-plants-growing-strong-through-every-season.html]
[framerusercontent.com/images/BSftxzVQSMmsOvLJDb9Pjrn4hc20cf.png]
[harmone.framer.ai/blogs/simple-gardening-tips-for-growing-healthy-plants-and-creating-beautiful-outdoor-spaces-all-year.html]
[harmone.framer.ai/projects/a-beautiful-garden-entrance-project.html]
[framerusercontent.com/images/FA05ePyQwM8USMYvPgIElcNPIffb3.png]
[framerusercontent.com/images/FA05ePyQwM8USMYvPgIElcNPI48d1.png]
[harmone.framer.ai/projects.html]
[framerusercontent.com/images/UaRhk5VoIspFMX9RIIiKQlF3QA32eb.png]
[harmone.framer.ai/shops/aglaonema.html]
[framerusercontent.com/images/TixnQ3OonhE4mtE0VVzm5gsPY3Q32eb.png]
[harmone.framer.ai/shops/areca-palm.html]
[framerusercontent.com/images/oDXswZmUAgUABziFqwRYvPO3Kk32eb.png]
[harmone.framer.ai/shops/fiddle-leaf-fig.html]
[framerusercontent.com/images/rcj8QmUhwFG79U09daL6XKc0Ua03b4c.png]
[harmone.framer.ai/shops/english-ivy.html]
[framerusercontent.com/images/QL3D0Yj3FlJeEKse0DpyCm7Sgw832eb.png]
[harmone.framer.ai/shops/snake-plant.html]
[framerusercontent.com/images/nwxBQjOfOTb5DdxHzaRyEup6LMM3b4c.png]
[harmone.framer.ai/shops/monstera-deliciosa.html]
[framerusercontent.com/images/CUAQwfbsKfls77aFg2Uda6xMkY32eb.png]
[harmone.framer.ai/shops/zz-plant.html]
[framerusercontent.com/images/NId3ak6A9HnVAtymbMLEkqmYo3b4c.png]
[framerusercontent.com/images/UaRhk5VoIspFMX9RIIiKQlF3QAdfa0.png]
[framerusercontent.com/images/TixnQ3OonhE4mtE0VVzm5gsPY3Q6936.png]
[framerusercontent.com/images/oDXswZmUAgUABziFqwRYvPO3Kkf34a.png]
[framerusercontent.com/images/rcj8QmUhwFG79U09daL6XKc0Ua094a0.png]
[framerusercontent.com/images/QL3D0Yj3FlJeEKse0DpyCm7Sgw8188e.png]
[framerusercontent.com/images/nwxBQjOfOTb5DdxHzaRyEup6LMM94a0.png]
[framerusercontent.com/images/CUAQwfbsKfls77aFg2Uda6xMkYe1cc.png]
[framerusercontent.com/images/NId3ak6A9HnVAtymbMLEkqmYo94a0.png]
[harmone.framer.ai/shops.html]
[harmone.framer.ai/shops/bird-of-paradise.html]
[framerusercontent.com/images/p0ru9M8dur9yi8j0vefmWSMxWYe024.png]
[framerusercontent.com/images/yjt1vm5JT1ovDUPbRhBlJtFbVnA9a26.png]
[framerusercontent.com/images/55bI9tNzZUKbcSSXIK9qZWQrNsb01f.png]
[framerusercontent.com/images/6tqFEYcCGuSwRAyU7CgGkcDyeOQf0cf.png]
[harmone.framer.ai/teams.html]
[harmone.framer.ai/404.html]
[harmone.framer.ai/services/patio-pathway-design.html]
[harmone.framer.ai/services/tree-shrub-care.html]
[harmone.framer.ai/projects/a-fresh-green-lawn-transformation.html]
[harmone.framer.ai/projects/a-natural-garden-space-design.html]
[framerusercontent.com/images/C4bJVt0fptrMEFKySobsIJyFY20cf.png]
[harmone.framer.ai/blogs/essential-garden-maintenance-tips-for-keeping-your-outdoor-space-fresh-green-and-healthy.html]
[framerusercontent.com/images/Gpg5GTXyli1TfCNdiFZWP4AwoE20cf.png]
[harmone.framer.ai/blogs/best-practices-for-maintaining-a-beautiful-garden-with-healthy-plants-throughout-every-season.html]
[framerusercontent.com/images/FNI8aDxM38UQIsLScbVSnAdbqpI20cf.png]
[harmone.framer.ai/blogs/how-to-create-a-low-maintenance-garden-that-looks-beautiful-and-stays-healthy-year-round.html]
[framerusercontent.com/images/Xay5jpOW4GLPHC4lGTAjpQWUNM420cf.png]
[harmone.framer.ai/blogs/simple-ways-to-make-your-garden-more-beautiful-with-thoughtful-planting-and-regular-care.html]
[harmone.framer.ai/projects/a-beautiful-garden-entrance-project.html]
[harmone.framer.ai/shops/aglaonema.html]
[harmone.framer.ai/shops/areca-palm.html]
[harmone.framer.ai/shops/fiddle-leaf-fig.html]
[harmone.framer.ai/shops/english-ivy.html]
[harmone.framer.ai/shops/snake-plant.html]
[harmone.framer.ai/shops/monstera-deliciosa.html]
[harmone.framer.ai/shops/zz-plant.html]
